// Jest Snapshot v1, https://goo.gl/fbAQLP

exports[`useScalprum should set assing static scalprum feed to state and inititliaze component 1`] = `
<div>
  <div>
    <pre>
      {
  "initialized": true,
  "config": {
    "appOne": {
      "name": "appOne",
      "appId": "foo",
      "elementId": "element",
      "rootLocation": "/foo/bar",
      "scriptLocation": "/some/location"
    }
  }
}
    </pre>
  </div>
</div>
`;

exports[`useScalprum should set scalprum feed from async function 1`] = `
<div>
  <div>
    <pre>
      {
  "initialized": true,
  "config": {
    "appOne": {
      "name": "appOne",
      "appId": "foo",
      "elementId": "element",
      "rootLocation": "/foo/bar",
      "scriptLocation": "/some/location"
    }
  }
}
    </pre>
  </div>
</div>
`;

exports[`useScalprum should set scalprum feed from function 1`] = `
<div>
  <div>
    <pre>
      {
  "initialized": true,
  "config": {
    "appOne": {
      "name": "appOne",
      "appId": "foo",
      "elementId": "element",
      "rootLocation": "/foo/bar",
      "scriptLocation": "/some/location"
    }
  }
}
    </pre>
  </div>
</div>
`;
